2010-03-21 15:33:03.736 0X00000D2C/0X00001BCC Size Of PrintReply = 12
2010-03-21 15:33:36.691 0X00000D2C/0X00001BCC Error Code = 2130842422
2010-03-21 15:35:52.994 0X00001864/0X00001698 Size Of PrintReply = 12
2010-03-21 15:35:53.021 0X00001864/0X00001698 Error Code = 2130842422
2010-03-21 15:36:09.835 0X00001154/0X0000180C Size Of PrintReply = 12
2010-03-21 15:36:20.165 0X00001154/0X0000180C Error Code = 2130842422
2010-03-21 15:37:47.790 0X000018D8/0X000015E0 Size Of PrintReply = 12
2010-03-21 15:37:52.063 0X000018D8/0X000015E0 Error Code = 1
2010-03-21 15:38:39.323 0X00001500/0X00000C98 Size Of PrintReply = 12
2010-03-21 15:38:40.646 0X00001500/0X00000C98 Error Code = 1
2010-03-21 15:39:39.327 0X0000180C/0X00001258 Size Of PrintReply = 12
2010-03-21 15:39:40.252 0X0000180C/0X00001258 Error Code = 1
2010-03-21 15:40:19.327 0X00001980/0X00001ACC Size Of PrintReply = 12
2010-03-21 15:40:19.346 0X00001980/0X00001ACC Error Code = 1
2010-03-21 15:42:00.176 0X00000D00/0X00001B50 Size Of PrintReply = 12
2010-03-21 15:42:01.599 0X00000D00/0X00001B50 Error Code = 1
2010-03-21 15:44:13.324 0X0000112C/0X00001094 Size Of PrintReply = 12
2010-03-21 15:44:13.344 0X0000112C/0X00001094 Error Code = 1
2010-03-21 15:45:23.685 0X000004E4/0X00000908 Size Of PrintReply = 12
2010-03-21 15:45:26.976 0X000004E4/0X00000908 Error Code = 1
